2017-07-06 01:23:43,474	INFO	******************** NUOVA ESECUZIONE ********************
2017-07-06 01:23:51,084	INFO	******************** NUOVA ESECUZIONE ********************
2017-07-06 01:23:56,831	INFO	******************** NUOVA ESECUZIONE ********************
2017-07-06 01:25:02,638	INFO	******************** NUOVA ESECUZIONE ********************
2017-07-06 01:25:07,004	INFO	******************** NUOVA ESECUZIONE ********************
2017-07-06 01:25:26,384	INFO	******************** NUOVA ESECUZIONE ********************
2017-07-06 01:25:38,935	INFO	******************** NUOVA ESECUZIONE ********************
2017-07-06 01:26:08,597	INFO	******************** NUOVA ESECUZIONE ********************
2017-07-06 01:26:13,262	INFO	******************** NUOVA ESECUZIONE ********************
2017-07-06 01:33:01,664	INFO	******************** NUOVA ESECUZIONE ********************
2017-07-06 01:33:26,869	INFO	******************** NUOVA ESECUZIONE ********************
2017-07-06 01:34:32,350	INFO	******************** NUOVA ESECUZIONE ********************
2017-07-06 01:34:41,688	INFO	******************** NUOVA ESECUZIONE ********************
2017-07-06 01:35:05,292	INFO	******************** NUOVA ESECUZIONE ********************
2017-07-06 01:37:16,459	INFO	******************** NUOVA ESECUZIONE ********************
2017-07-06 01:37:26,543	INFO	******************** NUOVA ESECUZIONE ********************
2017-07-06 01:37:53,290	INFO	******************** NUOVA ESECUZIONE ********************
2017-07-06 01:38:32,706	INFO	******************** NUOVA ESECUZIONE ********************
2017-07-06 01:39:58,888	INFO	******************** NUOVA ESECUZIONE ********************
2017-07-06 01:40:22,493	INFO	******************** NUOVA ESECUZIONE ********************
2017-07-06 01:42:48,085	INFO	******************** NUOVA ESECUZIONE ********************
2017-07-06 01:43:15,252	INFO	******************** NUOVA ESECUZIONE ********************
2017-07-06 01:43:24,924	INFO	******************** NUOVA ESECUZIONE ********************
2017-07-06 01:43:46,864	INFO	******************** NUOVA ESECUZIONE ********************
